data/runs/36483818-9247-4bee-8f16-52efaf7b60b5/panel.csv
t,firm_id,price,cost,quantity,profit
0,0,3.0,1.0,2500.0,5000.0
1,0,2.9424889169689417,0.9424889169689417,2517.327295487867,5034.654590975734
2,0,3.067736151940105,1.0677361519401047,2346.3982869854017,4692.796573970803
3,0,2.9878626413279274,0.9878626413279272,2449.4736114515767,4898.9472229031535
4,0,2.869500134909435,0.8695001349094353,2563.5343908865325,5127.068781773064
5,0,2.8982103420544454,0.8982103420544455,2585.251919329369,5170.503838658738
6,0,2.7436457686531384,0.7436457686531385,2741.53822123403,5483.07644246806
7,0,2.7736459591467373,0.7736459591467375,2668.304199843045,5336.608399686089
8,0,2.9317229173896036,0.9317229173896034,2443.5444170380706,4887.088834076141
9,0,2.817036206449674,0.8170362064496742,2612.0352735229444,5224.070547045889
10,0,2.7462087386029714,0.7462087386029715,2759.9040403968556,5519.808080793711
11,0,2.6499351889816074,0.6499351889816075,2807.6356164939316,5615.271232987863
12,0,2.6741987174531268,0.6741987174531269,2738.9036328495404,5477.807265699081
13,0,2.6722727744920745,0.6722727744920745,2714.224598244039,5428.449196488078
14,0,2.7394791036110733,0.7394791036110733,2756.8917961833563,5513.783592366713
15,0,2.499757111095674,0.49975711109567394,2881.496189946346,5762.992379892691
16,0,2.6535265623957507,0.6535265623957505,2734.955458949151,5469.910917898302
17,0,2.680035887308553,0.6800358873085528,2753.540274699226,5507.080549398452
18,0,2.5502185186145843,0.5502185186145842,2864.882713100377,5729.765426200754
19,0,2.5963729053038858,0.596372905303886,2849.86145320779,5699.722906415579
20,0,2.652641182484491,0.6526411824844911,2770.7579897591045,5541.515979518209
21,0,2.5979503667324684,0.5979503667324683,2737.0481339293005,5474.096267858601
22,0,2.491117353878438,0.4911173538784383,2799.0077898931045,5598.015579786208
23,0,2.3289864275198062,0.3289864275198062,2879.3199702099914,5758.639940419983
24,0,2.5976128563629546,0.5976128563629546,2767.416842240393,5534.833684480786
25,0,2.514257559515066,0.5142575595150661,2886.4621401024615,5772.924280204923
26,0,2.333047729779578,0.3330477297795782,2934.790838261482,5869.581676522964
27,0,2.4633494063669383,0.4633494063669382,2780.725033650459,5561.450067300918
28,0,2.3958020361437207,0.3958020361437209,2875.6654376351325,5751.330875270264
29,0,2.4019536305987326,0.4019536305987326,2939.1005171802135,5878.201034360427
30,0,2.3547139637521166,0.3547139637521166,2931.8865974008904,5863.773194801781
31,0,2.3834985749524957,0.3834985749524958,2876.2950440274876,5752.590088054975
32,0,2.4095046089128958,0.4095046089128958,2838.453868007187,5676.907736014374
33,0,2.2873880263493565,0.28738802634935634,2921.7960088364725,5843.592017672945
34,0,2.427826705110665,0.4278267051106649,2852.323284515646,5704.646569031292
35,0,2.494858420625607,0.4948584206256068,2880.510998435577,5761.021996871154
36,0,2.4077159155525827,0.40771591555258246,2978.627300977921,5957.254601955842
37,0,2.3910322305784635,0.3910322305784635,3122.6191079070586,6245.238215814117
38,0,2.2224011379440602,0.22240113794406016,3251.971945729647,6503.943891459294
39,0,2.3441364755587735,0.34413647555877325,3169.133698810738,6338.267397621476
40,0,2.369097693497286,0.3690976934972858,3163.7258670097367,6327.451734019473
41,0,2.3119210078557537,0.31192100785575366,3159.97147419051,6319.94294838102
42,0,2.362117055171258,0.3621170551712579,3131.604795854569,6263.209591709138
43,0,2.2687130275245035,0.26871302752450354,3195.4536414667127,6390.907282933425
44,0,2.2875016763737936,0.2875016763737937,3215.146248898426,6430.292497796852
45,0,2.2497416646264603,0.2497416646264603,3293.134013009063,6586.268026018126
46,0,2.1570307560017468,0.15703075600174682,3355.3732411637334,6710.746482327467
47,0,2.074001795067242,0.07400179506724168,3331.140378647342,6662.280757294684
48,0,2.0,0.0,3369.119169031012,6738.238338062024
49,0,2.0760876128728465,0.07608761287284634,3382.634684723359,6765.269369446718
50,0,2.097483664013161,0.09748366401316089,3365.8868246734874,6731.773649346975
51,0,2.0,0.0,3404.8768194520503,6809.753638904101
52,0,2.0,0.0,3384.002477931089,6768.004955862178
53,0,2.0041716732872876,0.004171673287287739,3367.2356857461127,6734.4713714922245
54,0,2.0,0.0,3346.760725010034,6693.521450020068
55,0,2.163818616724587,0.163818616724587,3277.1912981858964,6554.382596371793
56,0,2.368426355046902,0.368426355046902,3155.745041200747,6311.490082401494
57,0,2.1526971410991034,0.15269714109910323,3310.922857965959,6621.845715931918
58,0,2.041927196951693,0.041927196951692905,3355.7629825795293,6711.525965159059
59,0,2.0644362676102452,0.0644362676102452,3338.3969269050926,6676.793853810185
60,0,2.1260986692513306,0.12609866925133062,3179.0279329835384,6358.055865967077
61,0,2.1901775739662823,0.19017757396628243,3145.795296473513,6291.590592947026
62,0,2.0,0.0,3220.7749236657824,6441.549847331565
63,0,2.0224377145482997,0.022437714548299653,3234.59576819839,6469.19153639678
64,0,2.0,0.0,3206.3935632621556,6412.787126524311
65,0,2.128138144598071,0.12813814459807102,3040.93703627155,6081.8740725431
66,0,2.310349696209601,0.31034969620960096,2908.841532628007,5817.683065256014
67,0,2.457497210681742,0.457497210681742,2785.4778831853405,5570.955766370681
68,0,2.508463624052318,0.5084636240523182,2735.598687164692,5471.197374329384
69,0,2.4311567163674703,0.43115671636747016,2800.254875007227,5600.509750014454
70,0,2.1851754885676726,0.1851754885676724,2961.71684210501,5923.43368421002
71,0,2.1873720724691847,0.18737207246918466,2958.7982837406994,5917.596567481399
72,0,2.2509492091696686,0.2509492091696688,2869.196259037569,5738.392518075137
73,0,2.3230657512995867,0.3230657512995869,2823.277196977424,5646.554393954847
74,0,2.420938162486988,0.4209381624869879,2885.378905886277,5770.757811772554
75,0,2.565601333848613,0.5656013338486133,2774.002950679768,5548.005901359536
76,0,2.57656375803329,0.57656375803329,2744.743609723056,5489.487219446112
77,0,2.7071722982414723,0.7071722982414725,2498.8103065114324,4997.620613022864
78,0,2.652110875700611,0.6521108757006109,2553.2169525108166,5106.433905021633
79,0,2.732785923271438,0.7327859232714381,2468.5941400320016,4937.188280064003
80,0,2.6395299972603197,0.6395299972603197,2527.1541689657747,5054.308337931549
81,0,2.559617762642351,0.5596177626423509,2697.595460738353,5395.190921476706
82,0,2.588631211779775,0.5886312117797748,2513.6001208647717,5027.200241729543
83,0,2.647606028600311,0.647606028600311,2540.2796259180095,5080.559251836019
84,0,2.801277187562123,0.8012771875621229,2519.9567900618663,5039.913580123733
85,0,2.8914671547790833,0.8914671547790831,2605.861972339483,5211.723944678966
86,0,2.944393003222323,0.944393003222323,2668.370485741071,5336.740971482142
87,0,3.102479935025121,1.102479935025121,2441.78483208161,4883.56966416322
88,0,3.2065734156371635,1.2065734156371637,2449.8379077428754,4899.67581548575
89,0,3.2702468291819864,1.2702468291819866,2458.376864083237,4916.753728166473
90,0,3.30963057074306,1.3096305707430604,2455.2710794772115,4910.542158954422
91,0,3.304945106330176,1.3049451063301758,2372.818816768646,4745.637633537292
92,0,3.295880962815633,1.295880962815633,2416.3200852359255,4832.640170471851
93,0,3.3655738263634687,1.3655738263634687,2425.552341326058,4851.104682652116
94,0,3.3086282103429543,1.308628210342954,2389.065699886226,4778.131399772452
95,0,3.4771320032385926,1.4771320032385926,2247.3982210344047,4494.7964420688095
96,0,3.471547663601428,1.4715476636014284,2220.307999381853,4440.615998763705
97,0,3.4253099643415963,1.4253099643415965,2235.643375709122,4471.2867514182435
98,0,3.561570365662047,1.5615703656620472,2181.505916836942,4363.011833673883
99,0,3.599069417757733,1.599069417757733,2192.6855952275305,4385.371190455061
0,1,3.0,1.0,2500.0,5000.0
1,1,2.9377900683380522,0.9377900683380522,2523.248518454766,5046.497036909532
2,1,2.905400406190686,0.9054004061906861,2544.793180051961,5089.586360103922
3,1,3.0831455174018307,1.0831455174018305,2335.5133357589925,4671.026671517985
4,1,3.0529165886120806,1.0529165886120806,2338.895246246736,4677.790492493472
5,1,3.239219639687357,1.2392196396873572,2179.9856815467338,4359.9713630934675
6,1,3.390105643720686,1.3901056437206858,1984.3456649139566,3968.6913298279133
7,1,3.3222025942914217,1.3222025942914217,2028.232698331824,4056.465396663648
8,1,3.170430969714929,1.1704309697149289,2168.6299073122523,4337.2598146245045
9,1,3.3148004350612097,1.3148004350612097,2036.53045266884,4073.06090533768
10,1,3.38611943853327,1.38611943853327,2004.1911465567332,4008.3822931134664
11,1,3.2967666071542436,1.2967666071542436,2031.80996148411,4063.61992296822
12,1,3.183177923714277,1.1831779237142772,2123.505165264439,4247.010330528878
13,1,3.26958931438876,1.2695893143887602,2013.4467278509571,4026.8934557019143
14,1,3.320366615244013,1.320366615244013,2061.9664781717283,4123.932956343457
15,1,3.2862228987020297,1.2862228987020297,1944.6398169686486,3889.279633937297
16,1,3.168153417902596,1.1681534179025959,2114.464782199049,4228.929564398098
17,1,3.2312640544678457,1.231264054467846,2090.228463669662,4180.456927339323
18,1,3.430799607978952,1.4307996079789522,1844.5528064965708,3689.105612993141
19,1,3.5301863546541927,1.5301863546541925,1786.6880515859516,3573.376103171903
20,1,3.3762727755416724,1.3762727755416724,1929.5853374092142,3859.1706748184283
21,1,3.2181263080001283,1.218126308000128,2007.303031382538,4014.606062765076
22,1,3.3160312929501856,1.3160312929501854,1853.0038482939967,3706.0076965879935
23,1,3.2932210853306554,1.2932210853306554,1777.9069753663034,3555.813950732607
24,1,3.4797355755076778,1.4797355755076778,1780.4265627803982,3560.8531255607963
25,1,3.7194538829386854,1.7194538829386856,1580.013541427355,3160.0270828547095
26,1,3.7605600122500116,1.7605600122500118,1437.4634177711775,2874.9268355423546
27,1,3.8025259475911843,1.8025259475911843,1423.5068311402797,2847.0136622805594
28,1,3.566152854878017,1.5661528548780168,1601.7690819728027,3203.5381639456054
29,1,3.6342074068883865,1.6342074068883865,1587.2083206142731,3174.4166412285463
30,1,3.569218308609309,1.5692183086093088,1597.4265582560986,3194.853116512197
31,1,3.47479145830065,1.47479145830065,1666.7182632712704,3333.436526542541
32,1,3.486051805954797,1.4860518059547967,1656.96214508734,3313.92429017468
33,1,3.4206118977262614,1.4206118977262614,1657.9577320157123,3315.9154640314246
34,1,3.5412845384533385,1.5412845384533385,1634.6111267171962,3269.2222534343923
35,1,3.5805546376021087,1.5805546376021087,1673.8386808208616,3347.677361641723
36,1,3.7077197846918173,1.7077197846918175,1554.9767948068152,3109.95358961363
37,1,3.9759968238824612,1.9759968238824612,1413.670920198216,2827.341840396432
38,1,3.989994214587827,1.9899942145878267,1343.7510933536953,2687.5021867073906
39,1,3.858964852557148,1.858964852557148,1485.9348174661652,2971.86963493233
40,1,3.774899826435548,1.774899826435548,1566.5086267373858,3133.0172534747717
41,1,3.770263999742829,1.7702639997428289,1524.0808460697667,3048.1616921395334
42,1,3.824381876918679,1.8243818769186786,1507.440495621788,3014.880991243576
43,1,3.8245745158063627,1.8245745158063627,1467.8493736453404,2935.698747290681
44,1,3.796983749084613,1.7969837490846132,1511.5442492217271,3023.088498443454
45,1,3.8038806858492924,1.8038806858492922,1514.0227605384896,3028.045521076979
46,1,3.8075519617541023,1.8075519617541023,1470.05881557997,2940.11763115994
47,1,3.656296063673791,1.656296063673791,1510.0874561271335,3020.174912254267
48,1,3.6556144875614587,1.6556144875614587,1472.3269261918115,2944.653852383623
49,1,3.861229936932837,1.8612299369328371,1385.531383342571,2771.0627666851415
50,1,3.914437275584066,1.9144372755840662,1356.9162559716847,2713.8325119433694
51,1,3.8302148890105014,1.8302148890105012,1363.5632607308576,2727.126521461715
52,1,3.8330361990859814,1.8330361990859816,1353.2932610558044,2706.5865221116082
53,1,3.7957470895497645,1.7957470895497645,1374.7947239964676,2749.589447992935
54,1,3.7001015818619156,1.7001015818619156,1430.382855206969,2860.765710413938
55,1,3.708280737568452,1.7082807375684517,1514.0008002794439,3028.0016005588877
56,1,3.7369436470887436,1.7369436470887436,1591.9600108199804,3183.920021639961
57,1,3.6982477385200947,1.6982477385200947,1528.7519152992595,3057.503830598519
58,1,3.6577947661956562,1.6577947661956562,1495.9259452856345,2991.851890571269
59,1,3.541469717403733,1.541469717403733,1595.1599364861527,3190.3198729723053
60,1,3.4284414564532315,1.4284414564532315,1657.655202192187,3315.310404384374
61,1,3.4419296759459233,1.4419296759459233,1682.3484154635375,3364.696830927075
62,1,3.3491135715526243,1.3491135715526243,1640.6052101653288,3281.2104203306576
63,1,3.3341966390318296,1.3341966390318296,1678.7080876982714,3357.4161753965427
64,1,3.197043523347228,1.197043523347228,1762.3092860041663,3524.6185720083326
65,1,3.049969432337776,1.0499694323377762,1917.9368666317068,3835.8737332634137
66,1,2.966606064583504,0.9666060645835038,2095.1532875537423,4190.306575107485
67,1,2.8525423202615823,0.8525423202615823,2286.2133630326407,4572.426726065281
68,1,2.8317324242608652,0.8317324242608655,2327.316553820987,4654.633107641973
69,1,2.7834300843515005,0.7834300843515004,2348.0231369981757,4696.046273996351
70,1,2.8237247126012712,0.8237247126012711,2152.2084530327106,4304.416906065421
71,1,2.8252929081230285,0.8252929081230285,2150.7632579793694,4301.526515958739
72,1,2.6051322569785578,0.605132256978558,2403.5346327095594,4807.069265419118
73,1,2.6094010132813015,0.6094010132813014,2446.676824861661,4893.353649723322
74,1,2.828743422253795,0.828743422253795,2353.147039414756,4706.294078829511
75,1,2.6303704247363657,0.6303704247363656,2685.607179842619,5371.214359685238
76,1,2.5628939974632896,0.5628939974632898,2763.567861179002,5527.1357223580035
77,1,2.378479156535086,0.37847915653508557,2945.154601723282,5890.309203446564
78,1,2.390529045127557,0.39052904512755715,2909.976569333396,5819.953138666792
79,1,2.4000858668899694,0.40008586688996933,2915.3761260494766,5830.752252098953
80,1,2.3429582157412514,0.3429582157412514,2931.1057062765226,5862.211412553045
81,1,2.4298190186666275,0.42981901866662753,2878.473670407125,5756.94734081425
82,1,2.2156877996339146,0.2156877996339146,3028.864336040619,6057.728672081238
83,1,2.3161236011681288,0.31612360116812893,2998.209801237399,5996.419602474797
84,1,2.4784682411398538,0.47846824113985376,2961.3529090626516,5922.705818125303
85,1,2.6872099323619176,0.6872099323619179,2886.0596335227,5772.119267045399
86,1,2.906821723713893,0.906821723713893,2718.9713289440056,5437.942657888011
87,1,2.879665318349198,0.8796653183491979,2729.549476877767,5459.098953755534
88,1,3.0380174530906237,1.0380174530906234,2665.25528169873,5330.51056339746
89,1,3.1601118101501577,1.1601118101501577,2597.55035653057,5195.10071306114
90,1,3.244772522632944,1.2447725226329438,2536.1982265021543,5072.396453004309
91,1,3.153590214763251,1.1535902147632509,2559.3570339929656,5118.714067985931
92,1,3.1988175236261283,1.1988175236261283,2536.4804651650925,5072.960930330185
93,1,3.2795729186519633,1.2795729186519635,2532.127154274114,5064.2543085482275
94,1,3.246434505478721,1.2464345054787211,2464.525320977766,4929.050641955531
95,1,3.3416994960748765,1.3416994960748765,2404.854624427285,4809.70924885457
96,1,3.432229884467222,1.432229884467222,2264.388657893196,4528.777315786392
97,1,3.342853864393069,1.342853864393069,2329.7409950287383,4659.481990057477
98,1,3.2896891361103893,1.2896891361103893,2499.1634119038185,4998.326823807637
99,1,3.2620785095440428,1.2620785095440428,2595.093497503322,5190.186995006644
