data/runs/36483818-9247-4bee-8f16-52efaf7b60b5/panel.csv
t,firm_id,price,cost,quantity,profit
0,2,3.0,1.0,2500.0,5000.0
1,2,3.0080254795263537,1.0080254795263535,2436.175667602601,4872.351335205202
2,2,2.897861103850288,0.8978611038502882,2554.4042664813187,5108.808532962637
3,2,2.8628201176925616,0.8628201176925614,2607.5065263947154,5215.013052789431
4,2,2.892647435352845,0.892647435352845,2534.0359719801986,5068.071943960397
5,2,2.8735077055591645,0.8735077055591646,2617.3811995619485,5234.762399123897
6,2,2.9022086558865006,0.9022086558865006,2532.577892617983,5065.155785235966
7,2,2.7986452690535044,0.7986452690535044,2635.1589019820863,5270.3178039641725
8,2,2.7366327012156875,0.7366327012156874,2693.9128378248383,5387.825675649677
9,2,2.7688607719568856,0.7688607719568856,2675.7171369041075,5351.434273808215
10,2,2.9633112271522286,0.9633112271522285,2476.000772649555,4952.00154529911
11,2,3.0033074073324135,1.0033074073324135,2352.9188055280283,4705.837611056057
12,2,2.939470647021779,0.939470647021779,2398.6875690364814,4797.375138072963
13,2,2.7907526239940124,0.7907526239940124,2558.1040756609646,5116.208151321929
14,2,2.996642534060801,0.9966425340608008,2424.249929461561,4848.499858923122
15,2,2.9572059332863736,0.9572059332863734,2292.3678031386603,4584.735606277321
16,2,2.9018413367795994,0.9018413367795993,2415.6242999026495,4831.248599805299
17,2,2.9526320924267746,0.9526320924267746,2402.690986931887,4805.381973863774
18,2,2.88304808953556,0.88304808953556,2425.6817673026744,4851.363534605349
19,2,2.8474904076332117,0.8474904076332118,2513.5890419984685,5027.178083996937
20,2,2.8353152233727488,0.8353152233727489,2528.898683072576,5057.797366145152
21,2,2.764303459659451,0.7643034596594507,2518.6007007588605,5037.201401517721
22,2,2.6782603340926316,0.6782603340926314,2548.980571919794,5097.961143839588
23,2,2.6409666002270047,0.6409666002270049,2463.4530842137133,4926.906168427426
24,2,2.658273936901651,0.6582739369016508,2684.7397527388152,5369.4795054776305
25,2,2.687419891796943,0.6874198917969433,2647.0621783677216,5294.124356735443
26,2,2.5050419645953603,0.5050419645953601,2692.9549057058593,5385.909811411719
27,2,2.3808111230660134,0.3808111230660133,2897.8840676046307,5795.768135209261
28,2,2.5615919240807146,0.5615919240807146,2646.9000427569317,5293.800085513863
29,2,2.6980965211002537,0.6980965211002538,2534.5906450252987,5069.181290050597
30,2,2.642622923754714,0.6426229237547136,2538.80024694212,5077.60049388424
31,2,2.600389733024645,0.6003897330246448,2580.691648673755,5161.38329734751
32,2,2.5347675367111817,0.5347675367111819,2666.130118898287,5332.260237796573
33,2,2.6004437442278516,0.6004437442278517,2498.4502503113426,4996.900500622685
34,2,2.5668841133770472,0.5668841133770475,2660.742304251512,5321.484608503023
35,2,2.726768249794522,0.7267682497945217,2565.139322307984,5130.278644615968
36,2,2.7678686989798784,0.7678686989798783,2487.7686032373413,4975.5372064746825
37,2,2.967142441386783,0.9671424413867828,2341.090863987666,4682.181727975332
38,2,3.047845531816601,1.0478455318166011,2152.3050151870107,4304.610030374021
39,2,3.0962622244810776,1.0962622244810778,2175.7977849123577,4351.595569824714
40,2,3.182980032078534,1.1829800320785344,2106.0396392431394,4212.079278486278
41,2,3.076559775464787,1.0765597754647873,2155.9762055492133,4311.952411098426
42,2,3.0417881821710213,1.0417881821710213,2229.349912669073,4458.699825338146
43,2,3.0693978288121766,1.0693978288121766,2141.2433434212344,4282.486686842469
44,2,3.1796194481779416,1.1796194481779418,2058.163252981421,4116.326505962841
45,2,3.3500194046081218,1.3500194046081218,1899.7092134433835,3799.418426886767
46,2,3.3813689193485326,1.3813689193485326,1819.1947020925636,3638.389404185127
47,2,3.274589151742167,1.2745891517421672,1827.631786578182,3655.2635731563637
48,2,3.2655031122615608,1.265503112261561,1789.434735746165,3578.8694714923295
49,2,3.2838919975277197,1.2838919975277194,1849.1992472107102,3698.3984944214203
50,2,3.229288767490236,1.2292887674902362,1911.31009468134,3822.62018936268
51,2,3.2454139075463297,1.2454139075463297,1826.6831003650423,3653.3662007300845
52,2,3.1769563531960108,1.1769563531960108,1878.7017830820178,3757.4035661640355
53,2,3.158425820290234,1.158425820290234,1890.7339045113067,3781.4678090226134
54,2,3.157600141986472,1.1576001419864719,1876.0956947729628,3752.1913895459256
55,2,3.2210775635194757,1.2210775635194757,1931.6166033487636,3863.2332066975273
56,2,3.1862893993334978,1.1862893993334978,2096.549906778526,4193.099813557052
57,2,3.317425974280194,1.317425974280194,1849.4023687688218,3698.8047375376436
58,2,3.2960092765497535,1.2960092765497537,1792.5480895553073,3585.0961791106142
59,2,3.381434903639341,1.3814349036393412,1728.0462097036616,3456.092419407323
60,2,3.0687283480166037,1.0687283480166037,1984.2889318407347,3968.5778636814694
61,2,3.0701240236388987,1.0701240236388985,2026.0609915894358,4052.1219831788717
62,2,3.0368397205150135,1.0368397205150137,1917.8449425031074,3835.6898850062144
63,2,3.137604976553333,1.1376049765533327,1852.1003759049484,3704.2007518098967
64,2,3.127239296288911,1.127239296288911,1824.9035874715225,3649.807174943045
65,2,2.9659861386662905,0.9659861386662906,2000.1890608251936,4000.378121650387
66,2,2.9742474272131596,0.9742474272131595,2087.163647190243,4174.327294380486
67,2,2.982080528448858,0.9820805284488577,2142.830870596678,4285.661741193356
68,2,2.942899005660737,0.9428990056607368,2201.486071849629,4402.972143699258
69,2,3.0534671919085694,1.0534671919085692,2051.467112987371,4102.934225974742
70,2,3.04752904879873,1.0475290487987299,1924.357862757269,3848.715725514538
71,2,3.0401995270629216,1.0401995270629216,1931.640174539231,3863.280349078462
72,2,3.119933395984158,1.1199333959841578,1858.0728492153037,3716.1456984306074
73,2,3.1080422811737964,1.1080422811737967,1906.768781183491,3813.5375623669815
74,2,3.2818654816550596,1.2818654816550594,1876.09514881269,3752.19029762538
75,2,3.468311762012744,1.468311762012744,1766.3869187978448,3532.7738375956897
76,2,3.5018700960989078,1.5018700960989078,1728.1206679189409,3456.2413358378817
77,2,3.5852399452030586,1.5852399452030586,1610.8804900420018,3221.7609800840037
78,2,3.553552543986401,1.553552543986401,1626.8299088223903,3253.6598176447806
79,2,3.4780582475416804,1.4780582475416801,1700.653607869045,3401.30721573809
80,2,3.5404613674841308,1.540461367484131,1610.6344184811805,3221.2688369623606
81,2,3.6736997990851994,1.6736997990851994,1545.4571984473966,3090.9143968947933
82,2,3.718573712111909,1.7185737121119091,1428.6712070539902,2857.3424141079804
83,2,3.7507649835860617,1.7507649835860615,1463.3007716071922,2926.6015432143845
84,2,3.7638055709158404,1.7638055709158407,1557.337391812831,3114.6747836256613
85,2,3.8396511347638658,1.8396511347638658,1622.0187606151171,3244.0375212302342
86,2,3.630277672392741,1.630277672392741,1893.6868563709181,3787.3737127418362
87,2,3.4049056444399897,1.4049056444399897,2099.116214162855,4198.23242832571
88,2,3.4039167110009148,1.403916711000915,2219.6515288596643,4439.303057719328
89,2,3.363380646672324,1.363380646672324,2346.522422855623,4693.044845711246
90,2,3.295780871952977,1.2957808719529769,2472.33246751848,4944.66493503696
91,2,3.1937586404097242,1.1937586404097245,2508.467115245423,5016.934230490845
92,2,3.219234156417813,1.2192341564178133,2510.718984433889,5021.437968867777
93,2,3.2969727983102617,1.296972798310262,2510.1933501257136,5020.386700251426
94,2,3.160128937682954,1.1601289376829542,2573.2044895680033,5146.408979136007
95,2,3.129622006981311,1.1296220069813108,2673.8735772691552,5347.7471545383105
96,2,3.0380805653501075,1.0380805653501075,2757.6516713624756,5515.303342724951
97,2,3.035084833075992,1.035084833075992,2717.30781463107,5434.61562926214
98,2,3.165200614965366,1.1652006149653662,2659.66533562962,5319.33067125924
99,2,3.253605876891336,1.253605876891336,2606.110453634574,5212.220907269147
